// Jest Snapshot v1, https://goo.gl/fbAQLP

exports[`Footer renders correctly 1`] = `
<footer
  className="sc-bczRLJ fiqhuZ"
>
  <section
    className="section"
    id="Footer"
  >
    <div
      className="container"
    >
      <div
        className="row"
      >
        <div
          className="col-sm-8 offset-sm-2 col-md-12 offset-md-0"
        >
          <div
            className="row"
          >
            <div
              className="sc-dkzDqf ksjPNj col-8 offset-2 col-md-3 offset-md-0 col-lg-2 order-12 order-md-0 pad-md-right align-self-center"
            >
              <img
                alt="Postman"
                className="footer-img mb-5"
                src="https://voyager.postman.com/illustration/postman-footer-rocket-launch.svg"
              />
              <span
                className="col-12 d-none d-md-block copyright"
              />
            </div>
            <div
              className="col-6 col-md-2 offset-md-1 col-lg-2 offset-lg-2 order-1 order-md-2 mb-5"
            >
              <nav>
                <h2
                  className="footer-col-title"
                >
                  Product
                </h2>
                <ul
                  className="sc-gsnTZi kIEZAF column"
                >
                  
                </ul>
              </nav>
            </div>
            <div
              className="col-6 col-md-2 order-2 order-md-3"
            >
              <div>
                <nav
                  className="mb-5"
                >
                  <h2
                    className="footer-col-title"
                  >
                    Pricing
                  </h2>
                  <ul
                    className="sc-gsnTZi kIEZAF column"
                  >
                    
                  </ul>
                </nav>
              </div>
              <div>
                <nav
                  className="mb-5"
                >
                  <h2
                    className="footer-col-title"
                  >
                    Enterprise
                  </h2>
                  <ul
                    className="sc-gsnTZi kIEZAF column"
                  >
                    
                  </ul>
                </nav>
              </div>
            </div>
            <div
              className="col-6 col-md-2 order-3 order-md-4"
            >
              <nav>
                <h2
                  className="footer-col-title"
                >
                  Resources and support
                </h2>
                <ul
                  className="sc-gsnTZi kIEZAF column"
                >
                  
                </ul>
              </nav>
            </div>
            <div
              className="col-6 col-md-2 order-4 order-md-5"
            >
              <div
                className="row"
              >
                <div
                  className="col-sm-12"
                >
                  <nav
                    className="mb-5"
                  >
                    <h2
                      className="footer-col-title"
                    >
                      Explore
                    </h2>
                    <ul
                      className="sc-gsnTZi kIEZAF column"
                    >
                      
                    </ul>
                  </nav>
                </div>
              </div>
            </div>
            <div
              className="col-12 d-block d-md-none text-center order-last"
            >
              <span
                className="col-12 copyright"
              />
            </div>
          </div>
        </div>
      </div>
    </div>
  </section>
</footer>
`;
